<html>
<body>
<pre>
<h1>µVision Build Log</h1>
<h2>Project:</h2>
F:\IAP\stm32-iap-bootloader\Project\IAP\MDK-ARM\IAP.uvproj
Project File Date:  05/27/2017

<h2>Output:</h2>
Rebuild target 'STM32-IAP_HD'
compiling main.c...
compiling stm32f10x_it.c...
compiling system_stm32f10x.c...
compiling common.c...
compiling stmflash.c...
compiling ymodem.c...
compiling download.c...
compiling upload.c...
compiling iap.c...
compiling core_cm3.c...
compiling stm32f10x_exti.c...
compiling stm32f10x_flash.c...
compiling stm32f10x_gpio.c...
compiling stm32f10x_rcc.c...
compiling stm32f10x_usart.c...
compiling misc.c...
assembling startup_stm32f10x_hd.s...
linking...
Program Size: Code=5672 RO-data=368 RW-data=72 ZI-data=5376  
FromELF: creating hex file...
".\OUTPUT\STM32-IAP_HD\STM32-IAP_HD.axf" - 0 Error(s), 0 Warning(s).
Load "F:\\IAP\\stm32-iap-bootloader\\Project\\IAP\\MDK-ARM\\OUTPUT\\STM32-IAP_HD\\STM32-IAP_HD.axf" 
Error: Flash Download failed  -  Target DLL has been cancelled
Load "F:\\IAP\\stm32-iap-bootloader\\Project\\IAP\\MDK-ARM\\OUTPUT\\STM32-IAP_HD\\STM32-IAP_HD.axf" 
Error: Flash Download failed  -  Target DLL has been cancelled
Load "F:\\IAP\\stm32-iap-bootloader\\Project\\IAP\\MDK-ARM\\OUTPUT\\STM32-IAP_HD\\STM32-IAP_HD.axf" 
Error: Flash Download failed  -  Target DLL has been cancelled
Load "F:\\IAP\\stm32-iap-bootloader\\Project\\IAP\\MDK-ARM\\OUTPUT\\STM32-IAP_HD\\STM32-IAP_HD.axf" 
Error: Flash Download failed  -  Target DLL has been cancelled
Load "F:\\IAP\\stm32-iap-bootloader\\Project\\IAP\\MDK-ARM\\OUTPUT\\STM32-IAP_HD\\STM32-IAP_HD.axf" 
Error: Flash Download failed  -  Target DLL has been cancelled
Load "F:\\IAP\\stm32-iap-bootloader\\Project\\IAP\\MDK-ARM\\OUTPUT\\STM32-IAP_HD\\STM32-IAP_HD.axf" 
Error: Flash Download failed  -  Target DLL has been cancelled
Load "F:\\IAP\\stm32-iap-bootloader\\Project\\IAP\\MDK-ARM\\OUTPUT\\STM32-IAP_HD\\STM32-IAP_HD.axf" 
Error: Flash Download failed  -  Target DLL has been cancelled
